69.162.124.232 - - [08/May/2016:12:14:06 +0000] "GET / HTTP/1.1" 200 16860 "-" "Mozilla/5.0+(compatible; UptimeRobot/2.0; http://www.uptimerobot.com/)"
164.132.161.50 - - [08/May/2016:12:15:05 +0000] "GET /bookstore/christ-in-christmas-u HTTP/1.1" 200 19575 "-" "Mozilla/5.0 (compatible; AhrefsBot/5.1; +http://ahrefs.com/robot/)"
51.255.65.46 - - [08/May/2016:12:15:12 +0000] "GET /bookstore/introducing-geoboards-cards-u HTTP/1.1" 200 19630 "-" "Mozilla/5.0 (compatible; AhrefsBot/5.1; +http://ahrefs.com/robot/)"
151.80.31.171 - - [08/May/2016:12:15:38 +0000] "GET /bookstore/crime-scene-investigations-u HTTP/1.1" 200 19620 "-" "Mozilla/5.0 (compatible; AhrefsBot/5.1; +http://ahrefs.com/robot/)"
164.132.161.81 - - [08/May/2016:12:16:12 +0000] "GET /bookstore/wordly-wise-3000-bk-6-2e-ak-u HTTP/1.1" 200 19687 "-" "Mozilla/5.0 (compatible; AhrefsBot/5.1; +http://ahrefs.com/robot/)"
51.255.194.29 - - [08/May/2016:12:16:43 +0000] "GET /robots.txt HTTP/1.0" 200 48 "-" "Mozilla/5.0 (compatible; MJ12bot/v1.4.5; http://www.majestic12.co.uk/bot.php?+)"
51.255.194.29 - - [08/May/2016:12:16:46 +0000] "GET /?s=ACSI HTTP/1.1" 200 16685 "-" "Mozilla/5.0 (compatible; MJ12bot/v1.4.5; http://www.majestic12.co.uk/bot.php?+)"
51.255.194.29 - - [08/May/2016:12:16:50 +0000] "GET /bookstore/building-spelling-skills-7-ak-u/feed HTTP/1.1" 200 812 "-" "Mozilla/5.0 (compatible; MJ12bot/v1.4.5; http://www.majestic12.co.uk/bot.php?+)"
51.255.194.29 - - [08/May/2016:12:16:52 +0000] "GET /bookstore/building-spelling-skills-8-u/feed HTTP/1.1" 200 803 "-" "Mozilla/5.0 (compatible; MJ12bot/v1.4.5; http://www.majestic12.co.uk/bot.php?+)"
51.255.194.29 - - [08/May/2016:12:16:55 +0000] "GET /bookstore/our-american-heritage-map-study-skills-u HTTP/1.1" 200 19487 "-" "Mozilla/5.0 (compatible; MJ12bot/v1.4.5; http://www.majestic12.co.uk/bot.php?+)"
51.255.194.29 - - [08/May/2016:12:16:57 +0000] "GET /bookstore/penmanship-mastery-i-4e-u HTTP/1.1" 200 19610 "-" "Mozilla/5.0 (compatible; MJ12bot/v1.4.5; http://www.majestic12.co.uk/bot.php?+)"
51.255.194.29 - - [08/May/2016:12:17:00 +0000] "GET /bookstore/penmanship-mastery-ii-4e-u HTTP/1.1" 200 19619 "-" "Mozilla/5.0 (compatible; MJ12bot/v1.4.5; http://www.majestic12.co.uk/bot.php?+)"
51.255.194.29 - - [08/May/2016:12:17:03 +0000] "GET /bookstore/phonics-charts-and-games-u HTTP/1.1" 200 19395 "-" "Mozilla/5.0 (compatible; MJ12bot/v1.4.5; http://www.majestic12.co.uk/bot.php?+)"
51.255.194.29 - - [08/May/2016:12:17:06 +0000] "GET /bookstore/plane-geometry-testquiz-key-2e-u HTTP/1.1" 200 19674 "-" "Mozilla/5.0 (compatible; MJ12bot/v1.4.5; http://www.majestic12.co.uk/bot.php?+)"
51.255.194.29 - - [08/May/2016:12:17:08 +0000] "GET /bookstore/plane-geometry-testsquizzes-u HTTP/1.1" 200 19408 "-" "Mozilla/5.0 (compatible; MJ12bot/v1.4.5; http://www.majestic12.co.uk/bot.php?+)"
51.255.194.29 - - [08/May/2016:12:17:11 +0000] "GET /bookstore/prairie-skies-1-pioneer-summer-u HTTP/1.1" 200 19448 "-" "Mozilla/5.0 (compatible; MJ12bot/v1.4.5; http://www.majestic12.co.uk/bot.php?+)"
51.255.194.29 - - [08/May/2016:12:17:13 +0000] "GET /bookstore/prairie-skies-2-cabin-in-the-snow-u HTTP/1.1" 200 19469 "-" "Mozilla/5.0 (compatible; MJ12bot/v1.4.5; http://www.majestic12.co.uk/bot.php?+)"
51.255.194.29 - - [08/May/2016:12:17:16 +0000] "GET /bookstore/pre-algebra-3e-solution-key-u HTTP/1.1" 200 19624 "-" "Mozilla/5.0 (compatible; MJ12bot/v1.4.5; http://www.majestic12.co.uk/bot.php?+)"
51.255.194.29 - - [08/May/2016:12:17:19 +0000] "GET /bookstore/primary-bucket-balance-u-2 HTTP/1.1" 200 19005 "-" "Mozilla/5.0 (compatible; MJ12bot/v1.4.5; http://www.majestic12.co.uk/bot.php?+)"
51.255.194.29 - - [08/May/2016:12:17:21 +0000] "GET /bookstore/primary-math-home-instructor-guide-4a-u/feed HTTP/1.1" 200 836 "-" "Mozilla/5.0 (compatible; MJ12bot/v1.4.5; http://www.majestic12.co.uk/bot.php?+)"
51.255.194.29 - - [08/May/2016:12:17:23 +0000] "GET /bookstore/primary-math-home-instructor-guide-6a-u/feed HTTP/1.1" 200 836 "-" "Mozilla/5.0 (compatible; MJ12bot/v1.4.5; http://www.majestic12.co.uk/bot.php?+)"
51.255.194.29 - - [08/May/2016:12:17:26 +0000] "GET /bookstore/primary-math-home-instructor-guide-6a/feed HTTP/1.1" 200 830 "-" "Mozilla/5.0 (compatible; MJ12bot/v1.4.5; http://www.majestic12.co.uk/bot.php?+)"
51.255.194.29 - - [08/May/2016:12:17:29 +0000] "GET /bookstore/primary-math-home-instructor-guide-6b-u/feed HTTP/1.1" 200 836 "-" "Mozilla/5.0 (compatible; MJ12bot/v1.4.5; http://www.majestic12.co.uk/bot.php?+)"
51.255.194.29 - - [08/May/2016:12:17:31 +0000] "GET /bookstore/primary-math-home-instructor-guide-6b/feed HTTP/1.1" 200 830 "-" "Mozilla/5.0 (compatible; MJ12bot/v1.4.5; http://www.majestic12.co.uk/bot.php?+)"
51.255.194.29 - - [08/May/2016:12:17:34 +0000] "GET /bookstore/primary-math-intensive-practice-2a/feed HTTP/1.1" 200 821 "-" "Mozilla/5.0 (compatible; MJ12bot/v1.4.5; http://www.majestic12.co.uk/bot.php?+)"
51.255.194.29 - - [08/May/2016:12:17:36 +0000] "GET /bookstore/primary-math-intensive-practice-2b/feed HTTP/1.1" 200 821 "-" "Mozilla/5.0 (compatible; MJ12bot/v1.4.5; http://www.majestic12.co.uk/bot.php?+)"
51.255.194.29 - - [08/May/2016:12:17:39 +0000] "GET /bookstore/primary-math-intensive-practice-5a/feed HTTP/1.1" 200 821 "-" "Mozilla/5.0 (compatible; MJ12bot/v1.4.5; http://www.majestic12.co.uk/bot.php?+)"
51.255.194.29 - - [08/May/2016:12:17:41 +0000] "GET /bookstore/primary-math-intensive-practice-5b-u/feed HTTP/1.1" 200 827 "-" "Mozilla/5.0 (compatible; MJ12bot/v1.4.5; http://www.majestic12.co.uk/bot.php?+)"
51.255.194.29 - - [08/May/2016:12:17:44 +0000] "GET /bookstore/primary-math-intensive-practice-6b/feed HTTP/1.1" 200 821 "-" "Mozilla/5.0 (compatible; MJ12bot/v1.4.5; http://www.majestic12.co.uk/bot.php?+)"
51.255.194.29 - - [08/May/2016:12:17:46 +0000] "GET /bookstore/primary-math-intensive-practive-2a-u/feed HTTP/1.1" 200 827 "-" "Mozilla/5.0 (compatible; MJ12bot/v1.4.5; http://www.majestic12.co.uk/bot.php?+)"
51.255.194.29 - - [08/May/2016:12:17:49 +0000] "GET /bookstore/primary-math-intensive-practive-3a-u/feed HTTP/1.1" 200 827 "-" "Mozilla/5.0 (compatible; MJ12bot/v1.4.5; http://www.majestic12.co.uk/bot.php?+)"
51.255.194.29 - - [08/May/2016:12:17:51 +0000] "GET /bookstore/primary-math-intensive-practive-3b-u/feed HTTP/1.1" 200 827 "-" "Mozilla/5.0 (compatible; MJ12bot/v1.4.5; http://www.majestic12.co.uk/bot.php?+)"
51.255.194.29 - - [08/May/2016:12:17:53 +0000] "GET /bookstore/primary-mathematics-1a-intensive-practice-u/feed HTTP/1.1" 200 848 "-" "Mozilla/5.0 (compatible; MJ12bot/v1.4.5; http://www.majestic12.co.uk/bot.php?+)"
51.255.194.29 - - [08/May/2016:12:17:57 +0000] "GET /bookstore/primary-mathematics-1a-intensive-practice/feed HTTP/1.1" 200 842 "-" "Mozilla/5.0 (compatible; MJ12bot/v1.4.5; http://www.majestic12.co.uk/bot.php?+)"
51.255.194.29 - - [08/May/2016:12:17:59 +0000] "GET /bookstore/primary-mathematics-1a-text-u/feed HTTP/1.1" 200 806 "-" "Mozilla/5.0 (compatible; MJ12bot/v1.4.5; http://www.majestic12.co.uk/bot.php?+)"
51.255.194.29 - - [08/May/2016:12:18:02 +0000] "GET /bookstore/primary-mathematics-1b-intensive-practice/feed HTTP/1.1" 200 842 "-" "Mozilla/5.0 (compatible; MJ12bot/v1.4.5; http://www.majestic12.co.uk/bot.php?+)"
51.255.194.29 - - [08/May/2016:12:18:05 +0000] "GET /bookstore/primary-mathematics-1b-text-u/feed HTTP/1.1" 200 806 "-" "Mozilla/5.0 (compatible; MJ12bot/v1.4.5; http://www.majestic12.co.uk/bot.php?+)"
51.255.194.29 - - [08/May/2016:12:18:07 +0000] "GET /bookstore/primary-mathematics-3a-intensive-practice/feed HTTP/1.1" 200 842 "-" "Mozilla/5.0 (compatible; MJ12bot/v1.4.5; http://www.majestic12.co.uk/bot.php?+)"
51.255.194.29 - - [08/May/2016:12:18:09 +0000] "GET /bookstore/primary-mathematics-4b-text-used/feed HTTP/1.1" 200 815 "-" "Mozilla/5.0 (compatible; MJ12bot/v1.4.5; http://www.majestic12.co.uk/bot.php?+)"
51.255.194.29 - - [08/May/2016:12:18:12 +0000] "GET /bookstore/primary-mathematics-5a-text-u/feed HTTP/1.1" 200 806 "-" "Mozilla/5.0 (compatible; MJ12bot/v1.4.5; http://www.majestic12.co.uk/bot.php?+)"
51.255.194.29 - - [08/May/2016:12:18:14 +0000] "GET /bookstore/primary-mathematics-5b-text-u/feed HTTP/1.1" 200 806 "-" "Mozilla/5.0 (compatible; MJ12bot/v1.4.5; http://www.majestic12.co.uk/bot.php?+)"
51.255.194.29 - - [08/May/2016:12:18:17 +0000] "GET /bookstore/prokopios-the-secret-history-u/feed HTTP/1.1" 200 810 "-" "Mozilla/5.0 (compatible; MJ12bot/v1.4.5; http://www.majestic12.co.uk/bot.php?+)"
51.255.194.29 - - [08/May/2016:12:18:19 +0000] "GET /bookstore/readers-guide-to-american-history-u/feed HTTP/1.1" 200 831 "-" "Mozilla/5.0 (compatible; MJ12bot/v1.4.5; http://www.majestic12.co.uk/bot.php?+)"
51.255.194.29 - - [08/May/2016:12:18:22 +0000] "GET /bookstore/rosa-1e-u HTTP/1.1" 200 19458 "-" "Mozilla/5.0 (compatible; MJ12bot/v1.4.5; http://www.majestic12.co.uk/bot.php?+)"
51.255.194.29 - - [08/May/2016:12:18:24 +0000] "GET /bookstore/saving-shiloh-u HTTP/1.1" 200 19323 "-" "Mozilla/5.0 (compatible; MJ12bot/v1.4.5; http://www.majestic12.co.uk/bot.php?+)"
51.255.194.29 - - [08/May/2016:12:18:27 +0000] "GET /bookstore/science-4-6-teaching-charts-u HTTP/1.1" 200 19630 "-" "Mozilla/5.0 (compatible; MJ12bot/v1.4.5; http://www.majestic12.co.uk/bot.php?+)"
51.255.194.29 - - [08/May/2016:12:18:30 +0000] "GET /bookstore/second-mrs-giaconda-u HTTP/1.1" 200 19585 "-" "Mozilla/5.0 (compatible; MJ12bot/v1.4.5; http://www.majestic12.co.uk/bot.php?+)"
51.255.194.29 - - [08/May/2016:12:18:33 +0000] "GET /bookstore/september-monthly-activities-u HTTP/1.1" 200 19488 "-" "Mozilla/5.0 (compatible; MJ12bot/v1.4.5; http://www.majestic12.co.uk/bot.php?+)"
51.255.194.29 - - [08/May/2016:12:18:36 +0000] "GET /bookstore/seventh-grade-earth-science-u/feed HTTP/1.1" 200 806 "-" "Mozilla/5.0 (compatible; MJ12bot/v1.4.5; http://www.majestic12.co.uk/bot.php?+)"
51.255.194.29 - - [08/May/2016:12:18:38 +0000] "GET /bookstore/seventh-grade-world-history-u/feed HTTP/1.1" 200 806 "-" "Mozilla/5.0 (compatible; MJ12bot/v1.4.5; http://www.majestic12.co.uk/bot.php?+)"
51.255.194.29 - - [08/May/2016:12:18:41 +0000] "GET /bookstore/sheltie-the-shetland-pony-u HTTP/1.1" 200 19410 "-" "Mozilla/5.0 (compatible; MJ12bot/v1.4.5; http://www.majestic12.co.uk/bot.php?+)"
51.255.194.29 - - [08/May/2016:12:18:44 +0000] "GET /bookstore/skyscrapers-u/feed HTTP/1.1" 200 758 "-" "Mozilla/5.0 (compatible; MJ12bot/v1.4.5; http://www.majestic12.co.uk/bot.php?+)"
51.255.194.29 - - [08/May/2016:12:18:47 +0000] "GET /bookstore/speed-of-light-u HTTP/1.1" 200 19333 "-" "Mozilla/5.0 (compatible; MJ12bot/v1.4.5; http://www.majestic12.co.uk/bot.php?+)"
51.255.194.29 - - [08/May/2016:12:18:50 +0000] "GET /bookstore/spelling-4-test-key-2e-u/feed HTTP/1.1" 200 791 "-" "Mozilla/5.0 (compatible; MJ12bot/v1.4.5; http://www.majestic12.co.uk/bot.php?+)"
51.255.194.29 - - [08/May/2016:12:18:52 +0000] "GET /bookstore/spelling-5-test-key-2e-u/feed HTTP/1.1" 200 791 "-" "Mozilla/5.0 (compatible; MJ12bot/v1.4.5; http://www.majestic12.co.uk/bot.php?+)"
51.255.194.29 - - [08/May/2016:12:18:56 +0000] "GET /bookstore/spelling-6-test-key-5e-u/feed HTTP/1.1" 200 791 "-" "Mozilla/5.0 (compatible; MJ12bot/v1.4.5; http://www.majestic12.co.uk/bot.php?+)"
51.255.194.29 - - [08/May/2016:12:18:59 +0000] "GET /bookstore/spelling-7-by-sound-and-structure-tg-u/feed HTTP/1.1" 200 833 "-" "Mozilla/5.0 (compatible; MJ12bot/v1.4.5; http://www.majestic12.co.uk/bot.php?+)"
51.255.194.29 - - [08/May/2016:12:19:01 +0000] "GET /bookstore/spelling-by-sound-and-structure-2-tm-u/feed HTTP/1.1" 200 833 "-" "Mozilla/5.0 (compatible; MJ12bot/v1.4.5; http://www.majestic12.co.uk/bot.php?+)"
51.255.194.29 - - [08/May/2016:12:19:04 +0000] "GET /bookstore/spelling-gr-1/feed HTTP/1.1" 200 758 "-" "Mozilla/5.0 (compatible; MJ12bot/v1.4.5; http://www.majestic12.co.uk/bot.php?+)"
51.255.194.29 - - [08/May/2016:12:19:06 +0000] "GET /bookstore/spelling-gr-3/feed HTTP/1.1" 200 758 "-" "Mozilla/5.0 (compatible; MJ12bot/v1.4.5; http://www.majestic12.co.uk/bot.php?+)"
69.162.124.232 - - [08/May/2016:12:19:06 +0000] "GET / HTTP/1.1" 200 16860 "-" "Mozilla/5.0+(compatible; UptimeRobot/2.0; http://www.uptimerobot.com/)"
51.255.194.29 - - [08/May/2016:12:19:09 +0000] "GET /bookstore/spelling-vocabulary-poetry-6-6e-test-key-u/feed HTTP/1.1" 200 854 "-" "Mozilla/5.0 (compatible; MJ12bot/v1.4.5; http://www.majestic12.co.uk/bot.php?+)"
51.255.194.29 - - [08/May/2016:12:19:12 +0000] "GET /bookstore/spine-chillers-phantom-of-phys-ed-u/feed HTTP/1.1" 200 825 "-" "Mozilla/5.0 (compatible; MJ12bot/v1.4.5; http://www.majestic12.co.uk/bot.php?+)"
51.255.194.29 - - [08/May/2016:12:19:14 +0000] "GET /bookstore/spotlight-civil-war-u HTTP/1.1" 200 19600 "-" "Mozilla/5.0 (compatible; MJ12bot/v1.4.5; http://www.majestic12.co.uk/bot.php?+)"
51.255.194.29 - - [08/May/2016:12:19:18 +0000] "GET /bookstore/spring-scale-1000g10n-u/feed HTTP/1.1" 200 790 "-" "Mozilla/5.0 (compatible; MJ12bot/v1.4.5; http://www.majestic12.co.uk/bot.php?+)"
51.255.194.29 - - [08/May/2016:12:19:20 +0000] "GET /bookstore/spring-scale-100g1n-u/feed HTTP/1.1" 200 784 "-" "Mozilla/5.0 (compatible; MJ12bot/v1.4.5; http://www.majestic12.co.uk/bot.php?+)"
51.255.194.29 - - [08/May/2016:12:19:22 +0000] "GET /bookstore/step-into-reading-b-is-for-books-early-u/feed HTTP/1.1" 200 840 "-" "Mozilla/5.0 (compatible; MJ12bot/v1.4.5; http://www.majestic12.co.uk/bot.php?+)"
51.255.194.29 - - [08/May/2016:12:19:25 +0000] "GET /bookstore/step-into-reading-big-bird-says-step-1-u/feed HTTP/1.1" 200 840 "-" "Mozilla/5.0 (compatible; MJ12bot/v1.4.5; http://www.majestic12.co.uk/bot.php?+)"
51.255.194.29 - - [08/May/2016:12:19:27 +0000] "GET /bookstore/stewardship-instruction-pack-2010e-u/feed HTTP/1.1" 200 827 "-" "Mozilla/5.0 (compatible; MJ12bot/v1.4.5; http://www.majestic12.co.uk/bot.php?+)"
51.255.194.29 - - [08/May/2016:12:19:30 +0000] "GET /bookstore/stormy-mistys-foal-u-2 HTTP/1.1" 200 19389 "-" "Mozilla/5.0 (compatible; MJ12bot/v1.4.5; http://www.majestic12.co.uk/bot.php?+)"
51.255.194.29 - - [08/May/2016:12:19:33 +0000] "GET /bookstore/story-of-flight-u HTTP/1.1" 200 19528 "-" "Mozilla/5.0 (compatible; MJ12bot/v1.4.5; http://www.majestic12.co.uk/bot.php?+)"
51.255.194.29 - - [08/May/2016:12:19:37 +0000] "GET /bookstore/student-log-book-u HTTP/1.1" 200 19372 "-" "Mozilla/5.0 (compatible; MJ12bot/v1.4.5; http://www.majestic12.co.uk/bot.php?+)"
51.255.194.29 - - [08/May/2016:12:19:39 +0000] "GET /bookstore/study-skills-gr-2-4-u/feed HTTP/1.1" 200 782 "-" "Mozilla/5.0 (compatible; MJ12bot/v1.4.5; http://www.majestic12.co.uk/bot.php?+)"
51.255.194.29 - - [08/May/2016:12:19:42 +0000] "GET /bookstore/thanksgiving-primer-u HTTP/1.1" 200 19385 "-" "Mozilla/5.0 (compatible; MJ12bot/v1.4.5; http://www.majestic12.co.uk/bot.php?+)"
51.255.194.29 - - [08/May/2016:12:19:45 +0000] "GET /bookstore/three-young-pilgrims-u-2 HTTP/1.1" 200 19376 "-" "Mozilla/5.0 (compatible; MJ12bot/v1.4.5; http://www.majestic12.co.uk/bot.php?+)"
51.255.194.29 - - [08/May/2016:12:19:47 +0000] "GET /bookstore/to-pledge-allegiance-study-guide-cd-u HTTP/1.1" 200 19477 "-" "Mozilla/5.0 (compatible; MJ12bot/v1.4.5; http://www.majestic12.co.uk/bot.php?+)"
51.255.194.29 - - [08/May/2016:12:19:50 +0000] "GET /bookstore/tops-rocks-minerals-23-u HTTP/1.1" 200 19628 "-" "Mozilla/5.0 (compatible; MJ12bot/v1.4.5; http://www.majestic12.co.uk/bot.php?+)"
51.255.194.29 - - [08/May/2016:12:19:53 +0000] "GET /bookstore/traitor-the-case-of-benedict-arnold-u/feed HTTP/1.1" 200 831 "-" "Mozilla/5.0 (compatible; MJ12bot/v1.4.5; http://www.majestic12.co.uk/bot.php?+)"
51.255.194.29 - - [08/May/2016:12:19:55 +0000] "GET /bookstore/twelve-travelers-twenty-horses-u HTTP/1.1" 200 19674 "-" "Mozilla/5.0 (compatible; MJ12bot/v1.4.5; http://www.majestic12.co.uk/bot.php?+)"
51.255.194.29 - - [08/May/2016:12:19:58 +0000] "GET /bookstore/twin-in-the-tavern-u HTTP/1.1" 200 19358 "-" "Mozilla/5.0 (compatible; MJ12bot/v1.4.5; http://www.majestic12.co.uk/bot.php?+)"
51.255.194.29 - - [08/May/2016:12:20:01 +0000] "GET /bookstore/uncle-cam-u HTTP/1.1" 200 19464 "-" "Mozilla/5.0 (compatible; MJ12bot/v1.4.5; http://www.majestic12.co.uk/bot.php?+)"
51.255.194.29 - - [08/May/2016:12:20:04 +0000] "GET /bookstore/vacation-station-5th-to-6th-u HTTP/1.1" 200 19486 "-" "Mozilla/5.0 (compatible; MJ12bot/v1.4.5; http://www.majestic12.co.uk/bot.php?+)"
51.255.194.29 - - [08/May/2016:12:20:07 +0000] "GET /bookstore/view-from-saturday-u HTTP/1.1" 200 19562 "-" "Mozilla/5.0 (compatible; MJ12bot/v1.4.5; http://www.majestic12.co.uk/bot.php?+)"
51.255.194.29 - - [08/May/2016:12:20:09 +0000] "GET /bookstore/vocabulary-i-quiz-key-4e-u HTTP/1.1" 200 19404 "-" "Mozilla/5.0 (compatible; MJ12bot/v1.4.5; http://www.majestic12.co.uk/bot.php?+)"
51.255.194.29 - - [08/May/2016:12:20:11 +0000] "GET /bookstore/vocabulary-ii-quiz-key-4e-u HTTP/1.1" 200 19625 "-" "Mozilla/5.0 (compatible; MJ12bot/v1.4.5; http://www.majestic12.co.uk/bot.php?+)"
51.255.194.29 - - [08/May/2016:12:20:14 +0000] "GET /bookstore/vocabulary-iii-quiz-key-4e-u HTTP/1.1" 200 19635 "-" "Mozilla/5.0 (compatible; MJ12bot/v1.4.5; http://www.majestic12.co.uk/bot.php?+)"
51.255.194.29 - - [08/May/2016:12:20:16 +0000] "GET /bookstore/vocabulary-iv-quiz-key-3e-u HTTP/1.1" 200 19626 "-" "Mozilla/5.0 (compatible; MJ12bot/v1.4.5; http://www.majestic12.co.uk/bot.php?+)"
51.255.194.29 - - [08/May/2016:12:20:19 +0000] "GET /bookstore/vocabulary-spelling-poetry-1-3e-quiz-key-u HTTP/1.1" 200 19769 "-" "Mozilla/5.0 (compatible; MJ12bot/v1.4.5; http://www.majestic12.co.uk/bot.php?+)"
51.255.194.29 - - [08/May/2016:12:20:22 +0000] "GET /bookstore/vocabulary-spelling-poetry-i-3e-quiz-key-u HTTP/1.1" 200 19769 "-" "Mozilla/5.0 (compatible; MJ12bot/v1.4.5; http://www.majestic12.co.uk/bot.php?+)"
51.255.194.29 - - [08/May/2016:12:20:25 +0000] "GET /bookstore/vocabulary-spelling-poetry-ii-quiz-key-u HTTP/1.1" 200 19751 "-" "Mozilla/5.0 (compatible; MJ12bot/v1.4.5; http://www.majestic12.co.uk/bot.php?+)"
51.255.194.29 - - [08/May/2016:12:20:28 +0000] "GET /bookstore/vocabulary-spelling-poetry-iii-5e-quiz-key-u HTTP/1.1" 200 19787 "-" "Mozilla/5.0 (compatible; MJ12bot/v1.4.5; http://www.majestic12.co.uk/bot.php?+)"
51.255.194.29 - - [08/May/2016:12:20:30 +0000] "GET /bookstore/vocabulary-spelling-poetry-iii-5e-teacher-key-u HTTP/1.1" 200 19812 "-" "Mozilla/5.0 (compatible; MJ12bot/v1.4.5; http://www.majestic12.co.uk/bot.php?+)"
51.255.194.29 - - [08/May/2016:12:20:32 +0000] "GET /bookstore/vocabulary-spelling-poetry-iv-5e-quiz-key-u HTTP/1.1" 200 19770 "-" "Mozilla/5.0 (compatible; MJ12bot/v1.4.5; http://www.majestic12.co.uk/bot.php?+)"
51.255.194.29 - - [08/May/2016:12:20:35 +0000] "GET /bookstore/voyage-of-the-dawn-tread-sg-u/feed HTTP/1.1" 200 806 "-" "Mozilla/5.0 (compatible; MJ12bot/v1.4.5; http://www.majestic12.co.uk/bot.php?+)"
51.255.194.29 - - [08/May/2016:12:20:38 +0000] "GET /bookstore/walden-two-used/feed HTTP/1.1" 200 764 "-" "Mozilla/5.0 (compatible; MJ12bot/v1.4.5; http://www.majestic12.co.uk/bot.php?+)"
51.255.194.29 - - [08/May/2016:12:20:40 +0000] "GET /bookstore/wave-u/feed HTTP/1.1" 200 737 "-" "Mozilla/5.0 (compatible; MJ12bot/v1.4.5; http://www.majestic12.co.uk/bot.php?+)"
51.255.194.29 - - [08/May/2016:12:20:43 +0000] "GET /bookstore/websters-new-compact-dictionary-u HTTP/1.1" 200 19700 "-" "Mozilla/5.0 (compatible; MJ12bot/v1.4.5; http://www.majestic12.co.uk/bot.php?+)"
51.255.194.29 - - [08/May/2016:12:20:46 +0000] "GET /bookstore/websters-new-explorer-dictionary-u HTTP/1.1" 200 19120 "-" "Mozilla/5.0 (compatible; MJ12bot/v1.4.5; http://www.majestic12.co.uk/bot.php?+)"
51.255.194.29 - - [08/May/2016:12:20:49 +0000] "GET /bookstore/westward-expansion-series-lewis-clark-1-u/feed HTTP/1.1" 200 851 "-" "Mozilla/5.0 (compatible; MJ12bot/v1.4.5; http://www.majestic12.co.uk/bot.php?+)"
51.255.194.29 - - [08/May/2016:12:20:52 +0000] "GET /bookstore/what-god-has-always-wanted-u HTTP/1.1" 200 19422 "-" "Mozilla/5.0 (compatible; MJ12bot/v1.4.5; http://www.majestic12.co.uk/bot.php?+)"
51.255.194.29 - - [08/May/2016:12:20:54 +0000] "GET /bookstore/world-history-4e-u HTTP/1.1" 200 18921 "-" "Mozilla/5.0 (compatible; MJ12bot/v1.4.5; http://www.majestic12.co.uk/bot.php?+)"
51.255.194.29 - - [08/May/2016:12:20:56 +0000] "GET /bookstore/world-of-adventure-student-pages-u HTTP/1.1" 200 19477 "-" "Mozilla/5.0 (compatible; MJ12bot/v1.4.5; http://www.majestic12.co.uk/bot.php?+)"
51.255.194.29 - - [08/May/2016:12:20:59 +0000] "GET /bookstore/world-of-adventure-unit-study-u HTTP/1.1" 200 19456 "-" "Mozilla/5.0 (compatible; MJ12bot/v1.4.5; http://www.majestic12.co.uk/bot.php?+)"
51.255.194.29 - - [08/May/2016:12:21:02 +0000] "GET /bookstore/worlds-of-adventure-learning-game-u HTTP/1.1" 200 19487 "-" "Mozilla/5.0 (compatible; MJ12bot/v1.4.5; http://www.majestic12.co.uk/bot.php?+)"
51.255.194.29 - - [08/May/2016:12:21:05 +0000] "GET /category/games-homeschool-help-used HTTP/1.1" 200 94799 "-" "Mozilla/5.0 (compatible; MJ12bot/v1.4.5; http://www.majestic12.co.uk/bot.php?+)"
51.255.194.29 - - [08/May/2016:12:21:09 +0000] "GET /category/health HTTP/1.1" 200 92409 "-" "Mozilla/5.0 (compatible; MJ12bot/v1.4.5; http://www.majestic12.co.uk/bot.php?+)"
51.255.194.29 - - [08/May/2016:12:21:13 +0000] "GET /category/history HTTP/1.1" 200 441380 "-" "Mozilla/5.0 (compatible; MJ12bot/v1.4.5; http://www.majestic12.co.uk/bot.php?+)"
51.255.194.29 - - [08/May/2016:12:21:19 +0000] "GET /category/history/early-readers-history HTTP/1.1" 200 89665 "-" "Mozilla/5.0 (compatible; MJ12bot/v1.4.5; http://www.majestic12.co.uk/bot.php?+)"
51.255.194.29 - - [08/May/2016:12:21:22 +0000] "GET /category/history/economics/high-school-economics HTTP/1.1" 200 89989 "-" "Mozilla/5.0 (compatible; MJ12bot/v1.4.5; http://www.majestic12.co.uk/bot.php?+)"
51.255.194.29 - - [08/May/2016:12:21:26 +0000] "GET /category/history/elementary-history/feed HTTP/1.1" 200 920 "-" "Mozilla/5.0 (compatible; MJ12bot/v1.4.5; http://www.majestic12.co.uk/bot.php?+)"
51.255.194.29 - - [08/May/2016:12:21:28 +0000] "GET /category/history/renaissance HTTP/1.1" 200 90663 "-" "Mozilla/5.0 (compatible; MJ12bot/v1.4.5; http://www.majestic12.co.uk/bot.php?+)"
51.255.194.29 - - [08/May/2016:12:21:32 +0000] "GET /category/history/social-studies-history/geography-social-studies-history HTTP/1.1" 200 90108 "-" "Mozilla/5.0 (compatible; MJ12bot/v1.4.5; http://www.majestic12.co.uk/bot.php?+)"
164.132.161.55 - - [08/May/2016:12:21:32 +0000] "GET /category/homeschool-helps/catholic-homeschool-helps HTTP/1.1" 200 91385 "-" "Mozilla/5.0 (compatible; AhrefsBot/5.1; +http://ahrefs.com/robot/)"
51.255.194.29 - - [08/May/2016:12:21:35 +0000] "GET /category/history/sonlight-history HTTP/1.1" 200 89939 "-" "Mozilla/5.0 (compatible; MJ12bot/v1.4.5; http://www.majestic12.co.uk/bot.php?+)"
51.255.194.29 - - [08/May/2016:12:21:38 +0000] "GET /category/history/world-history/geography-world-history HTTP/1.1" 200 90344 "-" "Mozilla/5.0 (compatible; MJ12bot/v1.4.5; http://www.majestic12.co.uk/bot.php?+)"
51.255.194.29 - - [08/May/2016:12:21:42 +0000] "GET /category/history/writing-history HTTP/1.1" 200 89962 "-" "Mozilla/5.0 (compatible; MJ12bot/v1.4.5; http://www.majestic12.co.uk/bot.php?+)"
51.255.194.29 - - [08/May/2016:12:21:45 +0000] "GET /category/holidays HTTP/1.1" 200 93275 "-" "Mozilla/5.0 (compatible; MJ12bot/v1.4.5; http://www.majestic12.co.uk/bot.php?+)"
51.255.194.29 - - [08/May/2016:12:21:48 +0000] "GET /category/home-economics/catholic-home-economics HTTP/1.1" 200 89679 "-" "Mozilla/5.0 (compatible; MJ12bot/v1.4.5; http://www.majestic12.co.uk/bot.php?+)"
51.255.194.29 - - [08/May/2016:12:21:52 +0000] "GET /category/home-economics/cooking HTTP/1.1" 200 89928 "-" "Mozilla/5.0 (compatible; MJ12bot/v1.4.5; http://www.majestic12.co.uk/bot.php?+)"
51.255.194.29 - - [08/May/2016:12:21:54 +0000] "GET /category/homeschool-helps/assessment/review HTTP/1.1" 200 89951 "-" "Mozilla/5.0 (compatible; MJ12bot/v1.4.5; http://www.majestic12.co.uk/bot.php?+)"
151.80.31.175 - - [08/May/2016:12:21:58 +0000] "GET /bookstore/hey-andrew-teach-me-some-greek-lev-3-answer-only-ak-u HTTP/1.1" 200 19897 "-" "Mozilla/5.0 (compatible; AhrefsBot/5.1; +http://ahrefs.com/robot/)"
51.255.194.29 - - [08/May/2016:12:21:59 +0000] "GET /category/homeschool-helps/cd-homeschool-helps/feed HTTP/1.1" 200 922 "-" "Mozilla/5.0 (compatible; MJ12bot/v1.4.5; http://www.majestic12.co.uk/bot.php?+)"
51.255.194.29 - - [08/May/2016:12:22:01 +0000] "GET /category/homeschool-helps/preschool-homeschool-helps/feed HTTP/1.1" 200 936 "-" "Mozilla/5.0 (compatible; MJ12bot/v1.4.5; http://www.majestic12.co.uk/bot.php?+)"
51.255.194.29 - - [08/May/2016:12:22:05 +0000] "GET /category/homeschool-helps/summer-learning HTTP/1.1" 200 90338 "-" "Mozilla/5.0 (compatible; MJ12bot/v1.4.5; http://www.majestic12.co.uk/bot.php?+)"
51.255.194.29 - - [08/May/2016:12:22:08 +0000] "GET /category/homeschool-helps/teaching-tools HTTP/1.1" 200 90337 "-" "Mozilla/5.0 (compatible; MJ12bot/v1.4.5; http://www.majestic12.co.uk/bot.php?+)"
51.255.194.29 - - [08/May/2016:12:22:11 +0000] "GET /category/homeschool-helps/testing/reading-testing HTTP/1.1" 200 90029 "-" "Mozilla/5.0 (compatible; MJ12bot/v1.4.5; http://www.majestic12.co.uk/bot.php?+)"
51.255.194.29 - - [08/May/2016:12:22:14 +0000] "GET /category/homeschool-helps/testing/student-assessment-testing HTTP/1.1" 200 90382 "-" "Mozilla/5.0 (compatible; MJ12bot/v1.4.5; http://www.majestic12.co.uk/bot.php?+)"
51.255.194.29 - - [08/May/2016:12:22:18 +0000] "GET /category/homeschool-helps/unit-studies-homeschool-helps HTTP/1.1" 200 90656 "-" "Mozilla/5.0 (compatible; MJ12bot/v1.4.5; http://www.majestic12.co.uk/bot.php?+)"
51.255.194.29 - - [08/May/2016:12:22:21 +0000] "GET /category/math/preschool-math HTTP/1.1" 200 90865 "-" "Mozilla/5.0 (compatible; MJ12bot/v1.4.5; http://www.majestic12.co.uk/bot.php?+)"
51.255.194.29 - - [08/May/2016:12:22:24 +0000] "GET /category/physical-education HTTP/1.1" 200 93309 "-" "Mozilla/5.0 (compatible; MJ12bot/v1.4.5; http://www.majestic12.co.uk/bot.php?+)"
51.255.194.29 - - [08/May/2016:12:22:27 +0000] "GET /category/preschool-unit-study HTTP/1.1" 200 102809 "-" "Mozilla/5.0 (compatible; MJ12bot/v1.4.5; http://www.majestic12.co.uk/bot.php?+)"
51.255.194.29 - - [08/May/2016:12:22:31 +0000] "GET /category/puzzle-books HTTP/1.1" 200 91807 "-" "Mozilla/5.0 (compatible; MJ12bot/v1.4.5; http://www.majestic12.co.uk/bot.php?+)"
51.255.65.82 - - [08/May/2016:12:22:28 +0000] "GET /category/english HTTP/1.1" 200 682434 "-" "Mozilla/5.0 (compatible; AhrefsBot/5.1; +http://ahrefs.com/robot/)"
51.255.65.62 - - [08/May/2016:12:22:36 +0000] "GET /search/Educators+Publishing HTTP/1.1" 200 87251 "-" "Mozilla/5.0 (compatible; AhrefsBot/5.1; +http://ahrefs.com/robot/)"
51.255.194.29 - - [08/May/2016:12:22:37 +0000] "GET /category/science HTTP/1.1" 200 429110 "-" "Mozilla/5.0 (compatible; MJ12bot/v1.4.5; http://www.majestic12.co.uk/bot.php?+)"
51.255.194.29 - - [08/May/2016:12:22:43 +0000] "GET /category/science/chemistry HTTP/1.1" 200 97428 "-" "Mozilla/5.0 (compatible; MJ12bot/v1.4.5; http://www.majestic12.co.uk/bot.php?+)"
51.255.194.29 - - [08/May/2016:12:22:46 +0000] "GET /category/science/chemistry/elementary-chemistry HTTP/1.1" 200 93131 "-" "Mozilla/5.0 (compatible; MJ12bot/v1.4.5; http://www.majestic12.co.uk/bot.php?+)"
51.255.194.29 - - [08/May/2016:12:22:49 +0000] "GET /category/science/chemistry/high-school-chemistry HTTP/1.1" 200 90431 "-" "Mozilla/5.0 (compatible; MJ12bot/v1.4.5; http://www.majestic12.co.uk/bot.php?+)"
51.255.194.29 - - [08/May/2016:12:22:52 +0000] "GET /category/science/critical-thinking-science HTTP/1.1" 200 90057 "-" "Mozilla/5.0 (compatible; MJ12bot/v1.4.5; http://www.majestic12.co.uk/bot.php?+)"
51.255.194.29 - - [08/May/2016:12:22:56 +0000] "GET /category/science/dvd-science HTTP/1.1" 200 89941 "-" "Mozilla/5.0 (compatible; MJ12bot/v1.4.5; http://www.majestic12.co.uk/bot.php?+)"
51.255.194.29 - - [08/May/2016:12:22:59 +0000] "GET /category/science/early-readers-science HTTP/1.1" 200 90344 "-" "Mozilla/5.0 (compatible; MJ12bot/v1.4.5; http://www.majestic12.co.uk/bot.php?+)"
51.255.194.29 - - [08/May/2016:12:23:02 +0000] "GET /category/science/earth HTTP/1.1" 200 95421 "-" "Mozilla/5.0 (compatible; MJ12bot/v1.4.5; http://www.majestic12.co.uk/bot.php?+)"
51.255.194.29 - - [08/May/2016:12:23:06 +0000] "GET /category/science/earth/junior-high-earth HTTP/1.1" 200 90340 "-" "Mozilla/5.0 (compatible; MJ12bot/v1.4.5; http://www.majestic12.co.uk/bot.php?+)"
51.255.194.29 - - [08/May/2016:12:23:09 +0000] "GET /category/science/elementary-science/cd-elementary-science HTTP/1.1" 200 89689 "-" "Mozilla/5.0 (compatible; MJ12bot/v1.4.5; http://www.majestic12.co.uk/bot.php?+)"
51.255.194.29 - - [08/May/2016:12:23:12 +0000] "GET /category/science/elementary-science/chemistry-elementary-science HTTP/1.1" 200 90090 "-" "Mozilla/5.0 (compatible; MJ12bot/v1.4.5; http://www.majestic12.co.uk/bot.php?+)"
51.255.194.29 - - [08/May/2016:12:23:16 +0000] "GET /category/science/equipment HTTP/1.1" 200 90594 "-" "Mozilla/5.0 (compatible; MJ12bot/v1.4.5; http://www.majestic12.co.uk/bot.php?+)"
51.255.194.29 - - [08/May/2016:12:23:19 +0000] "GET /category/science/family-science HTTP/1.1" 200 89616 "-" "Mozilla/5.0 (compatible; MJ12bot/v1.4.5; http://www.majestic12.co.uk/bot.php?+)"
51.255.194.29 - - [08/May/2016:12:23:23 +0000] "GET /category/science/games-science HTTP/1.1" 200 89909 "-" "Mozilla/5.0 (compatible; MJ12bot/v1.4.5; http://www.majestic12.co.uk/bot.php?+)"
51.255.194.29 - - [08/May/2016:12:23:26 +0000] "GET /category/science/general-science HTTP/1.1" 200 92982 "-" "Mozilla/5.0 (compatible; MJ12bot/v1.4.5; http://www.majestic12.co.uk/bot.php?+)"
51.255.194.29 - - [08/May/2016:12:23:29 +0000] "GET /category/science/general-science/junior-high HTTP/1.1" 200 93002 "-" "Mozilla/5.0 (compatible; MJ12bot/v1.4.5; http://www.majestic12.co.uk/bot.php?+)"
51.255.194.29 - - [08/May/2016:12:23:33 +0000] "GET /category/science/health-science/biology-health-science HTTP/1.1" 200 89696 "-" "Mozilla/5.0 (compatible; MJ12bot/v1.4.5; http://www.majestic12.co.uk/bot.php?+)"
151.80.31.108 - - [08/May/2016:12:23:35 +0000] "GET /bookstore/math-3-fact-cards-used HTTP/1.1" 200 19392 "-" "Mozilla/5.0 (compatible; AhrefsBot/5.1; +http://ahrefs.com/robot/)"
51.255.194.29 - - [08/May/2016:12:23:36 +0000] "GET /category/science/health-science/catholic-health-science HTTP/1.1" 200 89990 "-" "Mozilla/5.0 (compatible; MJ12bot/v1.4.5; http://www.majestic12.co.uk/bot.php?+)"
51.255.194.29 - - [08/May/2016:12:23:39 +0000] "GET /category/science/health-science/elementary-health-science HTTP/1.1" 200 89717 "-" "Mozilla/5.0 (compatible; MJ12bot/v1.4.5; http://www.majestic12.co.uk/bot.php?+)"
51.255.194.29 - - [08/May/2016:12:23:42 +0000] "GET /category/science/high-school-science/chemistry-high-school-science HTTP/1.1" 200 90057 "-" "Mozilla/5.0 (compatible; MJ12bot/v1.4.5; http://www.majestic12.co.uk/bot.php?+)"
51.255.194.29 - - [08/May/2016:12:23:46 +0000] "GET /category/science/junior-high-science/general-science-junior-high-science HTTP/1.1" 200 89787 "-" "Mozilla/5.0 (compatible; MJ12bot/v1.4.5; http://www.majestic12.co.uk/bot.php?+)"
51.255.194.29 - - [08/May/2016:12:23:49 +0000] "GET /category/science/manipulatives-science HTTP/1.1" 200 89969 "-" "Mozilla/5.0 (compatible; MJ12bot/v1.4.5; http://www.majestic12.co.uk/bot.php?+)"
51.255.194.29 - - [08/May/2016:12:23:52 +0000] "GET /category/science/physical-science/elementary-physical-science HTTP/1.1" 200 90347 "-" "Mozilla/5.0 (compatible; MJ12bot/v1.4.5; http://www.majestic12.co.uk/bot.php?+)"
51.255.194.29 - - [08/May/2016:12:23:55 +0000] "GET /category/science/physical-science/high-school-physical-science HTTP/1.1" 200 91485 "-" "Mozilla/5.0 (compatible; MJ12bot/v1.4.5; http://www.majestic12.co.uk/bot.php?+)"
51.255.194.29 - - [08/May/2016:12:23:59 +0000] "GET /category/science/physical-science/junior-high-physical-science HTTP/1.1" 200 91513 "-" "Mozilla/5.0 (compatible; MJ12bot/v1.4.5; http://www.majestic12.co.uk/bot.php?+)"
51.255.194.29 - - [08/May/2016:12:24:03 +0000] "GET /category/science/physics/elementary-physics HTTP/1.1" 200 91040 "-" "Mozilla/5.0 (compatible; MJ12bot/v1.4.5; http://www.majestic12.co.uk/bot.php?+)"
69.162.124.232 - - [08/May/2016:12:24:06 +0000] "GET / HTTP/1.1" 200 16860 "-" "Mozilla/5.0+(compatible; UptimeRobot/2.0; http://www.uptimerobot.com/)"
51.255.194.29 - - [08/May/2016:12:24:06 +0000] "GET /category/science/physics/high-school-physics HTTP/1.1" 200 90331 "-" "Mozilla/5.0 (compatible; MJ12bot/v1.4.5; http://www.majestic12.co.uk/bot.php?+)"
51.255.194.29 - - [08/May/2016:12:24:10 +0000] "GET /category/science/reference-science HTTP/1.1" 200 89637 "-" "Mozilla/5.0 (compatible; MJ12bot/v1.4.5; http://www.majestic12.co.uk/bot.php?+)"
51.255.194.29 - - [08/May/2016:12:24:14 +0000] "GET /category/science/space-science HTTP/1.1" 200 89609 "-" "Mozilla/5.0 (compatible; MJ12bot/v1.4.5; http://www.majestic12.co.uk/bot.php?+)"
51.255.194.29 - - [08/May/2016:12:24:18 +0000] "GET /category/science/space-science/elementary-space-science HTTP/1.1" 200 89710 "-" "Mozilla/5.0 (compatible; MJ12bot/v1.4.5; http://www.majestic12.co.uk/bot.php?+)"
51.255.194.29 - - [08/May/2016:12:24:21 +0000] "GET /category/science/united-states-science HTTP/1.1" 200 90050 "-" "Mozilla/5.0 (compatible; MJ12bot/v1.4.5; http://www.majestic12.co.uk/bot.php?+)"
51.255.194.29 - - [08/May/2016:12:24:24 +0000] "GET /category/story-books HTTP/1.1" 200 117813 "-" "Mozilla/5.0 (compatible; MJ12bot/v1.4.5; http://www.majestic12.co.uk/bot.php?+)"
51.255.194.29 - - [08/May/2016:12:24:28 +0000] "GET /category/unit-studies HTTP/1.1" 200 100490 "-" "Mozilla/5.0 (compatible; MJ12bot/v1.4.5; http://www.majestic12.co.uk/bot.php?+)"
51.255.194.29 - - [08/May/2016:12:24:31 +0000] "GET /category/world-views HTTP/1.1" 200 102783 "-" "Mozilla/5.0 (compatible; MJ12bot/v1.4.5; http://www.majestic12.co.uk/bot.php?+)"
51.255.194.29 - - [08/May/2016:12:24:35 +0000] "GET /search/A+Beka HTTP/1.1" 200 265236 "-" "Mozilla/5.0 (compatible; MJ12bot/v1.4.5; http://www.majestic12.co.uk/bot.php?+)"
51.255.194.29 - - [08/May/2016:12:24:40 +0000] "GET /search/Childrens+Press HTTP/1.1" 200 15366 "-" "Mozilla/5.0 (compatible; MJ12bot/v1.4.5; http://www.majestic12.co.uk/bot.php?+)"
51.255.194.29 - - [08/May/2016:12:24:43 +0000] "GET /search/Jingo+Games HTTP/1.1" 200 14935 "-" "Mozilla/5.0 (compatible; MJ12bot/v1.4.5; http://www.majestic12.co.uk/bot.php?+)"
51.255.194.29 - - [08/May/2016:12:24:46 +0000] "GET /search/Learning+Adventures HTTP/1.1" 200 16171 "-" "Mozilla/5.0 (compatible; MJ12bot/v1.4.5; http://www.majestic12.co.uk/bot.php?+)"
164.132.161.19 - - [08/May/2016:12:27:19 +0000] "GET /bookstore/do-it-yourself-project-book-u/feed HTTP/1.1" 200 806 "-" "Mozilla/5.0 (compatible; AhrefsBot/5.1; +http://ahrefs.com/robot/)"
69.162.124.232 - - [08/May/2016:12:29:06 +0000] "GET / HTTP/1.1" 200 16860 "-" "Mozilla/5.0+(compatible; UptimeRobot/2.0; http://www.uptimerobot.com/)"
164.132.161.16 - - [08/May/2016:12:33:37 +0000] "GET /bookstore/beginning-wisely-3-u HTTP/1.1" 200 19583 "-" "Mozilla/5.0 (compatible; AhrefsBot/5.1; +http://ahrefs.com/robot/)"
69.162.124.232 - - [08/May/2016:12:34:06 +0000] "GET / HTTP/1.1" 200 16860 "-" "Mozilla/5.0+(compatible; UptimeRobot/2.0; http://www.uptimerobot.com/)"
51.255.65.83 - - [08/May/2016:12:34:10 +0000] "GET /bookstore/radical/feed HTTP/1.1" 200 740 "-" "Mozilla/5.0 (compatible; AhrefsBot/5.1; +http://ahrefs.com/robot/)"
164.132.161.48 - - [08/May/2016:12:34:28 +0000] "GET /bookstore/english-2-test-ak-2e-u/feed HTTP/1.1" 200 785 "-" "Mozilla/5.0 (compatible; AhrefsBot/5.1; +http://ahrefs.com/robot/)"
180.76.15.147 - - [08/May/2016:12:36:21 +0000] "GET /bookstore/anatomy-physiology-2e-u HTTP/1.1" 200 19609 "-" "Mozilla/5.0 (compatible; Baiduspider/2.0; +http://www.baidu.com/search/spider.html)"
164.132.161.28 - - [08/May/2016:12:39:00 +0000] "GET /category/science/elementary-science HTTP/1.1" 200 120154 "-" "Mozilla/5.0 (compatible; AhrefsBot/5.1; +http://ahrefs.com/robot/)"
69.162.124.232 - - [08/May/2016:12:39:06 +0000] "GET / HTTP/1.1" 200 16860 "-" "Mozilla/5.0+(compatible; UptimeRobot/2.0; http://www.uptimerobot.com/)"
151.80.31.161 - - [08/May/2016:12:41:56 +0000] "GET /bookstore/god-and-his-people-3e-student-materials-u HTTP/1.1" 200 19740 "-" "Mozilla/5.0 (compatible; AhrefsBot/5.1; +http://ahrefs.com/robot/)"
51.255.65.5 - - [08/May/2016:12:42:16 +0000] "GET /?s=All%20About%20Spelling HTTP/1.1" 200 17807 "-" "Mozilla/5.0 (compatible; AhrefsBot/5.1; +http://ahrefs.com/robot/)"
162.144.69.239 - - [08/May/2016:12:44:07 +0000] "POST /HOMEWORKS/WP/wp-cron.php?doing_wp_cron=1462711447.2497129440307617187500 HTTP/1.0" 200 - "-" "WordPress/4.3.4; https://www.homeworksforbooks.com"
69.162.124.232 - - [08/May/2016:12:44:06 +0000] "GET / HTTP/1.1" 200 16860 "-" "Mozilla/5.0+(compatible; UptimeRobot/2.0; http://www.uptimerobot.com/)"
51.255.65.35 - - [08/May/2016:12:45:22 +0000] "GET /bookstore/ladd-family-secret-of-the-sunken-sub-u HTTP/1.1" 200 19118 "-" "Mozilla/5.0 (compatible; AhrefsBot/5.1; +http://ahrefs.com/robot/)"
164.132.161.3 - - [08/May/2016:12:46:48 +0000] "GET /?s=Beech%20Tree HTTP/1.1" 200 15986 "-" "Mozilla/5.0 (compatible; AhrefsBot/5.1; +http://ahrefs.com/robot/)"
69.162.124.232 - - [08/May/2016:12:49:06 +0000] "GET / HTTP/1.1" 200 16860 "-" "Mozilla/5.0+(compatible; UptimeRobot/2.0; http://www.uptimerobot.com/)"
151.80.31.108 - - [08/May/2016:12:51:30 +0000] "GET /bookstore/lang-arts-from-a-to-z-video HTTP/1.1" 200 19661 "-" "Mozilla/5.0 (compatible; AhrefsBot/5.1; +http://ahrefs.com/robot/)"
69.162.124.232 - - [08/May/2016:12:54:06 +0000] "GET / HTTP/1.1" 200 16860 "-" "Mozilla/5.0+(compatible; UptimeRobot/2.0; http://www.uptimerobot.com/)"
51.255.65.91 - - [08/May/2016:12:54:20 +0000] "GET /bookstore/math-ties-u HTTP/1.1" 200 19536 "-" "Mozilla/5.0 (compatible; AhrefsBot/5.1; +http://ahrefs.com/robot/)"
51.255.65.36 - - [08/May/2016:12:55:51 +0000] "GET /bookstore/space-jingo-u HTTP/1.1" 200 19496 "-" "Mozilla/5.0 (compatible; AhrefsBot/5.1; +http://ahrefs.com/robot/)"
164.132.161.14 - - [08/May/2016:12:57:51 +0000] "GET /bookstore/videotext-interactive-dvds-algebra-3-modules-abcu/feed HTTP/1.1" 200 870 "-" "Mozilla/5.0 (compatible; AhrefsBot/5.1; +http://ahrefs.com/robot/)"
164.132.161.82 - - [08/May/2016:12:58:17 +0000] "GET /bookstore/geometry-teaching-textbooks-complete-set-u HTTP/1.1" 200 18905 "-" "Mozilla/5.0 (compatible; AhrefsBot/5.1; +http://ahrefs.com/robot/)"
69.162.124.232 - - [08/May/2016:12:59:06 +0000] "GET / HTTP/1.1" 200 16860 "-" "Mozilla/5.0+(compatible; UptimeRobot/2.0; http://www.uptimerobot.com/)"
164.132.161.73 - - [08/May/2016:13:03:21 +0000] "GET /bookstore/medieval-fashions-u HTTP/1.1" 200 19549 "-" "Mozilla/5.0 (compatible; AhrefsBot/5.1; +http://ahrefs.com/robot/)"
69.162.124.232 - - [08/May/2016:13:04:06 +0000] "GET / HTTP/1.1" 200 16860 "-" "Mozilla/5.0+(compatible; UptimeRobot/2.0; http://www.uptimerobot.com/)"
164.132.161.37 - - [08/May/2016:13:06:08 +0000] "GET /bookstore/penmanship-mastery-i-4e-u/feed HTTP/1.1" 200 794 "-" "Mozilla/5.0 (compatible; AhrefsBot/5.1; +http://ahrefs.com/robot/)"
51.255.65.44 - - [08/May/2016:13:07:34 +0000] "GET /bookstore/constitution-poster-u/feed HTTP/1.1" 200 782 "-" "Mozilla/5.0 (compatible; AhrefsBot/5.1; +http://ahrefs.com/robot/)"
69.162.124.232 - - [08/May/2016:13:09:06 +0000] "GET / HTTP/1.1" 200 16860 "-" "Mozilla/5.0+(compatible; UptimeRobot/2.0; http://www.uptimerobot.com/)"
51.255.65.52 - - [08/May/2016:13:12:46 +0000] "GET /bookstore/childs-story-of-america-2e-u/feed HTTP/1.1" 200 811 "-" "Mozilla/5.0 (compatible; AhrefsBot/5.1; +http://ahrefs.com/robot/)"
51.255.65.51 - - [08/May/2016:13:12:56 +0000] "GET /bookstore/streams-of-civilzations-vol-1-tests-u/feed HTTP/1.1" 200 831 "-" "Mozilla/5.0 (compatible; AhrefsBot/5.1; +http://ahrefs.com/robot/)"
66.249.69.250 - - [08/May/2016:13:13:00 +0000] "GET /robots.txt HTTP/1.1" 200 48 "-" "Mozilla/5.0 (compatible; Googlebot/2.1; +http://www.google.com/bot.html)"
66.249.69.245 - - [08/May/2016:13:13:01 +0000] "GET /sitemap_index.xml HTTP/1.1" 200 3329 "-" "Mozilla/5.0 (compatible; Googlebot/2.1; +http://www.google.com/bot.html)"
164.132.161.50 - - [08/May/2016:13:13:44 +0000] "GET /bookstore/little-jewel-three-happy-days-u HTTP/1.1" 200 19039 "-" "Mozilla/5.0 (compatible; AhrefsBot/5.1; +http://ahrefs.com/robot/)"
69.162.124.232 - - [08/May/2016:13:14:06 +0000] "GET / HTTP/1.1" 200 16860 "-" "Mozilla/5.0+(compatible; UptimeRobot/2.0; http://www.uptimerobot.com/)"
51.255.65.44 - - [08/May/2016:13:14:24 +0000] "GET /bookstore/matter-motion-activity-key-used HTTP/1.1" 200 19700 "-" "Mozilla/5.0 (compatible; AhrefsBot/5.1; +http://ahrefs.com/robot/)"
51.255.65.13 - - [08/May/2016:13:15:12 +0000] "GET /bookstore/phonics-wkbk-c2-u HTTP/1.1" 200 19550 "-" "Mozilla/5.0 (compatible; AhrefsBot/5.1; +http://ahrefs.com/robot/)"
164.132.161.88 - - [08/May/2016:13:18:05 +0000] "GET /bookstore/kids-customs-cultures-u HTTP/1.1" 200 19647 "-" "Mozilla/5.0 (compatible; AhrefsBot/5.1; +http://ahrefs.com/robot/)"
69.162.124.232 - - [08/May/2016:13:19:06 +0000] "GET / HTTP/1.1" 200 16860 "-" "Mozilla/5.0+(compatible; UptimeRobot/2.0; http://www.uptimerobot.com/)"
151.80.31.169 - - [08/May/2016:13:19:53 +0000] "GET /bookstore/science-3a-activity-book-te/feed HTTP/1.1" 200 800 "-" "Mozilla/5.0 (compatible; AhrefsBot/5.1; +http://ahrefs.com/robot/)"
69.162.124.232 - - [08/May/2016:13:24:06 +0000] "GET / HTTP/1.1" 200 16860 "-" "Mozilla/5.0+(compatible; UptimeRobot/2.0; http://www.uptimerobot.com/)"
164.132.161.16 - - [08/May/2016:13:27:11 +0000] "GET /bookstore/henty-in-the-reign-of-t-hb-u HTTP/1.1" 200 19028 "-" "Mozilla/5.0 (compatible; AhrefsBot/5.1; +http://ahrefs.com/robot/)"
69.162.124.232 - - [08/May/2016:13:29:06 +0000] "GET / HTTP/1.1" 200 16860 "-" "Mozilla/5.0+(compatible; UptimeRobot/2.0; http://www.uptimerobot.com/)"
164.132.161.36 - - [08/May/2016:13:30:40 +0000] "GET /bookstore/first-favorites-vol-1-cg-u HTTP/1.1" 200 19634 "-" "Mozilla/5.0 (compatible; AhrefsBot/5.1; +http://ahrefs.com/robot/)"
164.132.161.34 - - [08/May/2016:13:31:14 +0000] "GET /?s=Yes%20Publishing HTTP/1.1" 200 14999 "-" "Mozilla/5.0 (compatible; AhrefsBot/5.1; +http://ahrefs.com/robot/)"
164.132.161.88 - - [08/May/2016:13:31:35 +0000] "GET /bookstore/great-gilly-hopkins-u-2/feed HTTP/1.1" 200 786 "-" "Mozilla/5.0 (compatible; AhrefsBot/5.1; +http://ahrefs.com/robot/)"
66.249.69.245 - - [08/May/2016:13:32:25 +0000] "GET /HOMEWORKS/WP/wp-content/themes/FOUNDATION_v2/images/TRANSPARENT.png?1462665618752 HTTP/1.1" 200 1828 "-" "Googlebot-Image/1.0"
51.255.65.41 - - [08/May/2016:13:32:57 +0000] "GET /search/Smithsonian HTTP/1.1" 200 15331 "-" "Mozilla/5.0 (compatible; AhrefsBot/5.1; +http://ahrefs.com/robot/)"
69.162.124.232 - - [08/May/2016:13:34:06 +0000] "GET / HTTP/1.1" 200 16860 "-" "Mozilla/5.0+(compatible; UptimeRobot/2.0; http://www.uptimerobot.com/)"
164.132.161.79 - - [08/May/2016:13:34:12 +0000] "GET /bookstore/record-of-the-learning-lifestyle-cats HTTP/1.1" 200 19728 "-" "Mozilla/5.0 (compatible; AhrefsBot/5.1; +http://ahrefs.com/robot/)"
66.249.69.250 - - [08/May/2016:13:36:41 +0000] "GET /HOMEWORKS/WP/wp-content/themes/FOUNDATION_v2/images/TRANSPARENT.png?1462665600039 HTTP/1.1" 200 1828 "-" "Googlebot-Image/1.0"
51.255.65.87 - - [08/May/2016:13:37:51 +0000] "GET /bookstore/primary-bucket-balance-u HTTP/1.1" 200 18997 "-" "Mozilla/5.0 (compatible; AhrefsBot/5.1; +http://ahrefs.com/robot/)"
66.249.69.133 - - [08/May/2016:13:38:16 +0000] "GET /robots.txt HTTP/1.1" 200 48 "-" "Mozilla/5.0 (compatible; Googlebot/2.1; +http://www.google.com/bot.html)"
66.249.69.133 - - [08/May/2016:13:38:17 +0000] "GET / HTTP/1.1" 200 16860 "-" "Mozilla/5.0 (compatible; Googlebot/2.1; +http://www.google.com/bot.html)"
151.80.31.180 - - [08/May/2016:13:38:47 +0000] "GET /bookstore/adventures-in-my-fathers-world-2e-u/feed HTTP/1.1" 200 831 "-" "Mozilla/5.0 (compatible; AhrefsBot/5.1; +http://ahrefs.com/robot/)"
69.162.124.232 - - [08/May/2016:13:39:06 +0000] "GET / HTTP/1.1" 200 16860 "-" "Mozilla/5.0+(compatible; UptimeRobot/2.0; http://www.uptimerobot.com/)"
51.255.65.88 - - [08/May/2016:13:41:37 +0000] "GET /bookstore/portals-to-reading-jr-cam-jansen-and-the-mystery-of-the-dinosaur-bones-u HTTP/1.1" 200 20064 "-" "Mozilla/5.0 (compatible; AhrefsBot/5.1; +http://ahrefs.com/robot/)"
51.255.65.73 - - [08/May/2016:13:42:11 +0000] "GET /bookstore/second-grade-bible-curriculum-u HTTP/1.1" 200 19642 "-" "Mozilla/5.0 (compatible; AhrefsBot/5.1; +http://ahrefs.com/robot/)"
151.80.31.172 - - [08/May/2016:13:42:20 +0000] "GET /bookstore/writing-gr-1-u HTTP/1.1" 200 19514 "-" "Mozilla/5.0 (compatible; AhrefsBot/5.1; +http://ahrefs.com/robot/)"
180.76.15.151 - - [08/May/2016:13:43:20 +0000] "GET /category/science/high-school-science HTTP/1.1" 200 90894 "-" "Mozilla/5.0 (compatible; Baiduspider/2.0; +http://www.baidu.com/search/spider.html)"
162.144.69.239 - - [08/May/2016:13:43:53 +0000] "POST /HOMEWORKS/WP/wp-cron.php?doing_wp_cron=1462715033.4295320510864257812500 HTTP/1.0" 200 - "-" "WordPress/4.3.4; https://www.homeworksforbooks.com"
51.255.65.68 - - [08/May/2016:13:43:53 +0000] "GET /bookstore/handwriting-modern-manuscript-u/feed HTTP/1.1" 200 812 "-" "Mozilla/5.0 (compatible; AhrefsBot/5.1; +http://ahrefs.com/robot/)"
69.162.124.232 - - [08/May/2016:13:44:06 +0000] "GET / HTTP/1.1" 200 16860 "-" "Mozilla/5.0+(compatible; UptimeRobot/2.0; http://www.uptimerobot.com/)"
164.132.161.96 - - [08/May/2016:13:47:22 +0000] "GET /?s=Nothing%20New%20Press HTTP/1.1" 200 14652 "-" "Mozilla/5.0 (compatible; AhrefsBot/5.1; +http://ahrefs.com/robot/)"
164.132.161.14 - - [08/May/2016:13:47:35 +0000] "GET /search/Perigee/feed/rss2/ HTTP/1.1" 200 926 "-" "Mozilla/5.0 (compatible; AhrefsBot/5.1; +http://ahrefs.com/robot/)"
69.162.124.232 - - [08/May/2016:13:49:06 +0000] "GET / HTTP/1.1" 200 16860 "-" "Mozilla/5.0+(compatible; UptimeRobot/2.0; http://www.uptimerobot.com/)"
51.255.65.63 - - [08/May/2016:13:49:18 +0000] "GET /bookstore/french-1-pronunciation-cd-u/feed HTTP/1.1" 200 800 "-" "Mozilla/5.0 (compatible; AhrefsBot/5.1; +http://ahrefs.com/robot/)"
51.255.65.57 - - [08/May/2016:13:50:33 +0000] "GET /bookstore/history-links-unit-6-ancient-greece-u HTTP/1.1" 200 19756 "-" "Mozilla/5.0 (compatible; AhrefsBot/5.1; +http://ahrefs.com/robot/)"
51.255.65.11 - - [08/May/2016:13:52:02 +0000] "GET /bookstore/world-physical-geography-text-1e-u HTTP/1.1" 200 19670 "-" "Mozilla/5.0 (compatible; AhrefsBot/5.1; +http://ahrefs.com/robot/)"
164.132.161.3 - - [08/May/2016:13:52:34 +0000] "GET /bookstore/economics-2e-te HTTP/1.1" 200 19522 "-" "Mozilla/5.0 (compatible; AhrefsBot/5.1; +http://ahrefs.com/robot/)"
69.162.124.232 - - [08/May/2016:13:54:06 +0000] "GET / HTTP/1.1" 200 16860 "-" "Mozilla/5.0+(compatible; UptimeRobot/2.0; http://www.uptimerobot.com/)"
66.249.69.133 - - [08/May/2016:13:56:45 +0000] "GET /library HTTP/1.1" 200 22736 "-" "Mozilla/5.0 (compatible; Googlebot/2.1; +http://www.google.com/bot.html)"
164.132.161.29 - - [08/May/2016:13:58:38 +0000] "GET /bookstore/geometry-teach-aid-used/feed HTTP/1.1" 200 788 "-" "Mozilla/5.0 (compatible; AhrefsBot/5.1; +http://ahrefs.com/robot/)"
164.132.161.46 - - [08/May/2016:13:59:00 +0000] "GET /bookstore/greenleaf-guide-famous-men-of-greece-u HTTP/1.1" 200 19778 "-" "Mozilla/5.0 (compatible; AhrefsBot/5.1; +http://ahrefs.com/robot/)"
69.162.124.232 - - [08/May/2016:13:59:06 +0000] "GET / HTTP/1.1" 200 16860 "-" "Mozilla/5.0+(compatible; UptimeRobot/2.0; http://www.uptimerobot.com/)"
151.80.31.100 - - [08/May/2016:14:03:19 +0000] "GET /bookstore/making-brothers-sisters-friends-u HTTP/1.1" 200 19726 "-" "Mozilla/5.0 (compatible; AhrefsBot/5.1; +http://ahrefs.com/robot/)"
69.162.124.232 - - [08/May/2016:14:04:06 +0000] "GET / HTTP/1.1" 200 16860 "-" "Mozilla/5.0+(compatible; UptimeRobot/2.0; http://www.uptimerobot.com/)"
51.255.65.60 - - [08/May/2016:14:04:20 +0000] "GET /bookstore/nature-reader-book-2-oe-u/feed HTTP/1.1" 200 794 "-" "Mozilla/5.0 (compatible; AhrefsBot/5.1; +http://ahrefs.com/robot/)"
151.80.31.162 - - [08/May/2016:14:05:33 +0000] "GET /bookstore/exploring-creation-with-zoology-1-science-kit-u/feed HTTP/1.1" 200 860 "-" "Mozilla/5.0 (compatible; AhrefsBot/5.1; +http://ahrefs.com/robot/)"
69.162.124.232 - - [08/May/2016:14:09:06 +0000] "GET / HTTP/1.1" 200 16860 "-" "Mozilla/5.0+(compatible; UptimeRobot/2.0; http://www.uptimerobot.com/)"
51.255.65.92 - - [08/May/2016:14:10:20 +0000] "GET /bookstore/jesus-and-his-followers-quiz-key-u HTTP/1.1" 200 19671 "-" "Mozilla/5.0 (compatible; AhrefsBot/5.1; +http://ahrefs.com/robot/)"
151.80.31.108 - - [08/May/2016:14:12:33 +0000] "GET /bookstore/passport-2-purity-set-u/feed HTTP/1.1" 200 788 "-" "Mozilla/5.0 (compatible; AhrefsBot/5.1; +http://ahrefs.com/robot/)"
51.255.65.49 - - [08/May/2016:14:12:36 +0000] "GET /bookstore/italic-book-g-4e HTTP/1.1" 200 19567 "-" "Mozilla/5.0 (compatible; AhrefsBot/5.1; +http://ahrefs.com/robot/)"
51.255.65.60 - - [08/May/2016:14:12:38 +0000] "GET /search/Image/feed/rss2/ HTTP/1.1" 200 922 "-" "Mozilla/5.0 (compatible; AhrefsBot/5.1; +http://ahrefs.com/robot/)"
164.132.161.81 - - [08/May/2016:14:12:54 +0000] "GET /bookstore/personality-plus-for-parents-u HTTP/1.1" 200 19669 "-" "Mozilla/5.0 (compatible; AhrefsBot/5.1; +http://ahrefs.com/robot/)"
69.162.124.232 - - [08/May/2016:14:14:06 +0000] "GET / HTTP/1.1" 200 16860 "-" "Mozilla/5.0+(compatible; UptimeRobot/2.0; http://www.uptimerobot.com/)"
51.255.65.30 - - [08/May/2016:14:14:24 +0000] "GET /?s=Mariner HTTP/1.1" 200 15079 "-" "Mozilla/5.0 (compatible; AhrefsBot/5.1; +http://ahrefs.com/robot/)"
68.180.230.181 - - [08/May/2016:14:14:48 +0000] "GET /contact-us HTTP/1.1" 200 15857 "-" "Mozilla/5.0 (compatible; Yahoo! Slurp; http://help.yahoo.com/help/us/ysearch/slurp)"
68.180.230.181 - - [08/May/2016:14:16:47 +0000] "GET /?p=11 HTTP/1.1" 301 - "-" "Mozilla/5.0 (compatible; Yahoo! Slurp; http://help.yahoo.com/help/us/ysearch/slurp)"
